I'm sorry, but errors were detected in your script. Please correct the
errors listed below, and try again.


File "game/zz_premium_ui.rpy", line 2232: Line is indented, but the preceding textbutton statement does not expect a block. Please check this line's indentation. You may have forgotten a colon (:).
    if GamepadExists():
    ^

Ren'Py Version: Ren'Py 8.4.1.25072401
Mon Apr 13 20:39:52 2026
